// Jest Snapshot v1, https://goo.gl/fbAQLP

exports[`TodoForm renders correctly 1`] = `
ShallowWrapper {
  Symbol(enzyme.__root__): [Circular],
  Symbol(enzyme.__unrendered__): <WithStyles(TodoForm)
    labels={
      Array [
        Object {
          "id": 1,
          "value": "Label1",
        },
        Object {
          "id": 2,
          "value": "Label2",
        },
      ]
    }
    users={
      Array [
        Object {
          "email": "test@example.com",
          "id": 1,
          "name": "Test user",
        },
      ]
    }
  />,
  Symbol(enzyme.__renderer__): Object {
    "batchedUpdates": [Function],
    "getNode": [Function],
    "render": [Function],
    "simulateEvent": [Function],
    "unmount": [Function],
  },
  Symbol(enzyme.__node__): Object {
    "instance": null,
    "key": undefined,
    "nodeType": "function",
    "props": Object {
      "classes": Object {
        "container": "TodoForm-container-1",
      },
      "labels": Array [
        Object {
          "id": 1,
          "value": "Label1",
        },
        Object {
          "id": 2,
          "value": "Label2",
        },
      ],
      "users": Array [
        Object {
          "email": "test@example.com",
          "id": 1,
          "name": "Test user",
        },
      ],
    },
    "ref": null,
    "rendered": null,
    "type": [Function],
  },
  Symbol(enzyme.__nodes__): Array [
    Object {
      "instance": null,
      "key": undefined,
      "nodeType": "function",
      "props": Object {
        "classes": Object {
          "container": "TodoForm-container-1",
        },
        "labels": Array [
          Object {
            "id": 1,
            "value": "Label1",
          },
          Object {
            "id": 2,
            "value": "Label2",
          },
        ],
        "users": Array [
          Object {
            "email": "test@example.com",
            "id": 1,
            "name": "Test user",
          },
        ],
      },
      "ref": null,
      "rendered": null,
      "type": [Function],
    },
  ],
  Symbol(enzyme.__options__): Object {
    "adapter": ReactSixteenAdapter {
      "options": Object {
        "enableComponentDidUpdateOnSetState": true,
        "lifecycles": Object {
          "componentDidUpdate": Object {
            "onSetState": true,
          },
          "getDerivedStateFromProps": true,
          "getSnapshotBeforeUpdate": true,
          "setState": Object {
            "skipsComponentDidUpdateOnNullish": true,
          },
        },
      },
    },
    "attachTo": undefined,
    "hydrateIn": undefined,
  },
}
`;
